// Jest Snapshot v1, https://goo.gl/fbAQLP

exports[`Should Spinner render correctly 1`] = `
<div>
  <div
    class="dual-ring"
    data-testid="spinner"
  />
</div>
`;
